// Jest Snapshot v1, https://goo.gl/fbAQLP

exports[`Test Header component matches snapshot 1`] = `
<div
  data-testid="image-container"
  style={
    Object {
      "paddingBottom": "2rem",
    }
  }
>
  <div
    data-testid="image"
    style={
      Object {
        "backgroundImage": "url(testimage.jpeg)",
        "backgroundRepeat": "no-repeat",
        "backgroundSize": "contain",
        "display": "flex",
        "height": "70vh",
        "justifyContent": "flex-end",
        "margin": "2rem",
        "padding": "1rem",
      }
    }
  >
    <div
      data-testid="result-container"
      style={
        Object {
          "backgroundColor": "white",
          "borderRadius": "5px",
          "display": "flex",
          "maxHeight": "12%",
        }
      }
    />
  </div>
</div>
`;

exports[`Test ImageSection component matches snapshot 1`] = `
<div
  data-testid="image-container"
  style={
    Object {
      "paddingBottom": "2rem",
    }
  }
>
  <div
    data-testid="image"
    style={
      Object {
        "backgroundImage": "url(testimage.jpeg)",
        "backgroundRepeat": "no-repeat",
        "backgroundSize": "contain",
        "display": "flex",
        "height": "70vh",
        "justifyContent": "flex-end",
        "margin": "2rem",
        "padding": "1rem",
      }
    }
  >
    <div
      data-testid="result-container"
      style={
        Object {
          "backgroundColor": "white",
          "borderRadius": "5px",
          "display": "flex",
          "maxHeight": "12%",
        }
      }
    />
  </div>
</div>
`;
